// Jest Snapshot v1, https://goo.gl/fbAQLP

exports[`renders 1`] = `
<div>
  <h2
    className="cal-title"
  >
     let's do some Math!
  </h2>
  <div
    className="cal-float-right"
  >
    <p
      className="result"
    >
      <span>
        0
      </span>
      <span />
      <span />
    </p>
    <div
      className="button"
    >
      <button
        className="grayBtn"
        name="AC"
        onClick={[Function]}
        type="button"
      >
        AC
      </button>
      <button
        className="grayBtn"
        name="+/-"
        onClick={[Function]}
        type="button"
      >
        +/-
      </button>
      <button
        className="grayBtn"
        name="%"
        onClick={[Function]}
        type="button"
      >
        %
      </button>
      <button
        className="orangeBtn"
        name="รท"
        onClick={[Function]}
        type="button"
      >
        รท
      </button>
      <button
        className="grayBtn"
        name="7"
        onClick={[Function]}
        type="button"
      >
        7
      </button>
      <button
        className="grayBtn"
        name="8"
        onClick={[Function]}
        type="button"
      >
        8
      </button>
      <button
        className="grayBtn"
        name="9"
        onClick={[Function]}
        type="button"
      >
        9
      </button>
      <button
        className="orangeBtn"
        name="x"
        onClick={[Function]}
        type="button"
      >
        x
      </button>
      <button
        className="grayBtn"
        name="4"
        onClick={[Function]}
        type="button"
      >
        4
      </button>
      <button
        className="grayBtn"
        name="5"
        onClick={[Function]}
        type="button"
      >
        5
      </button>
      <button
        className="grayBtn"
        name="6"
        onClick={[Function]}
        type="button"
      >
        6
      </button>
      <button
        className="orangeBtn"
        name="-"
        onClick={[Function]}
        type="button"
      >
        -
      </button>
      <button
        className="grayBtn"
        name="1"
        onClick={[Function]}
        type="button"
      >
        1
      </button>
      <button
        className="grayBtn"
        name="2"
        onClick={[Function]}
        type="button"
      >
        2
      </button>
      <button
        className="grayBtn"
        name="3"
        onClick={[Function]}
        type="button"
      >
        3
      </button>
      <button
        className="orangeBtn"
        name="+"
        onClick={[Function]}
        type="button"
      >
        +
      </button>
      <button
        className="grayBtn"
        id="zero"
        name="0"
        onClick={[Function]}
        type="button"
      >
        0
      </button>
      <button
        className="grayBtn"
        name="."
        onClick={[Function]}
        type="button"
      >
        .
      </button>
      <button
        className="orangeBtn"
        name="="
        onClick={[Function]}
        type="button"
      >
        =
      </button>
    </div>
  </div>
</div>
`;
