// Jest Snapshot v1, https://goo.gl/fbAQLP

exports[`renders 1`] = `
<div>
  <h1>
    Welcomme to our page!
  </h1>
  <p>
    Lorem ipsum dolor, sit amet consectetur adipisicing elit. Quos, fugit odit molestiae praesepossimus. Veniam, architecto. Labore doloremque illo minus odit nulla nesciunt eius omnis, adipisci, possimus quosexercitationem. Accusamus praesentium, qui minus quam ipsa, illo reprehenderit maxime deserunt aut, iste cupiditate est repellendus natus doloremque sapiente accusantium obcaecati fugiat facere suscipit? Dolores ducimus quis, laborum esse assumenda autem. Enim aut, ullam, ex maxime commodi minima nemo ea, consequatur dignissimos dolore quo necessitatibus officiis voluptatum voluptates cum! Iste dolorum obcaecati ipsam incidunt distinctio debitis a, atque consectetur dolores amet! Molestiae impedit cupiditate nam non quibusdam, harum eligendi doloribus magnam ea.
  </p>
</div>
`;
