// Jest Snapshot v1, https://goo.gl/fbAQLP

exports[`renders 1`] = `
<div
  className="container"
>
  <h4>
    “Mathematics expresses values that reflect the cosmos, including orderliness, balance, harmony, logic, and abstract beauty.” ― Deepak Chopra
  </h4>
</div>
`;
